// Jest Snapshot v1, https://goo.gl/fbAQLP

exports[`<WeatherPage /> Tests Match Snapshot 1`] = `
<div
  aria-hidden="true"
>
  <div
    class="weather-header"
    style="display: flex; flex-direction: row; align-items: center; padding: 20px; gap: 10px; flex: 0 0 auto; order: 0; align-self: stretch; flex-grow: 0;"
  >
    <h1
      class="ContentHeader"
      style="color: rgb(88, 115, 254); font-weight: normal;"
    >
      Real-Time Weather
    </h1>
  </div>
  <p>
    Loading... (You must accept the location permission in your browser)
  </p>
</div>
`;
